// Jest Snapshot v1, https://goo.gl/fbAQLP

exports[`Carousel Item component Match Snapshot 1`] = `
<div
  className="carousel-item"
>
  <img
    className="carousel-item__img"
  />
  <div
    className="carousel-item__details"
  >
    <div
      className="carousel-item__detail--icon"
    >
      <a
        href="/player/undefined"
        onClick={[Function]}
      >
        <img
          alt="Play"
          src="test-file.stub"
        />
      </a>
      <img
        alt="Plus"
        onClick={[Function]}
        src="test-file.stub"
      />
    </div>
    <h2
      className="carousel-item__details--title"
    />
    <p
      className="carousel-item__details--subtitle"
    >
      undefined undefined undefined
    </p>
  </div>
</div>
`;
